// Jest Snapshot v1, https://goo.gl/fbAQLP

exports[`Button component matches the snapshot 1`] = `
<button
  className="sc-beySPh cnvGWG Button"
  data-testid="Button"
  shape="square"
  variant="solid"
>
  Click me
</button>
`;
